#-----------------------------------------------------------
# Vivado v2016.2 (64-bit)
# SW Build 1577090 on Thu Jun  2 16:32:35 MDT 2016
# IP Build 1577682 on Fri Jun  3 12:00:54 MDT 2016
# Start of session at: Sun Nov 13 22:02:53 2016
# Process ID: 3848
# Current directory: /afs/athena.mit.edu/user/d/d/ddr/6.111/6.111-Final-Project
# Command line: vivado
# Log file: /afs/athena.mit.edu/user/d/d/ddr/6.111/6.111-Final-Project/vivado.log
# Journal file: /afs/athena.mit.edu/user/d/d/ddr/6.111/6.111-Final-Project/vivado.jou
#-----------------------------------------------------------
start_gui
open_project /afs/athena.mit.edu/user/d/d/ddr/6.111/6.111-Final-Project/Oscilloscope_v1/Oscilloscope_v1.xpr
reset_run xadc_wiz_0_synth_1
launch_runs xadc_wiz_0_synth_1 -jobs 4
wait_on_run xadc_wiz_0_synth_1
reset_run synth_1
launch_runs impl_1 -to_step write_bitstream -jobs 4
wait_on_run impl_1
open_hw
connect_hw_server
open_hw_target
current_hw_device [lindex [get_hw_devices] 0]
refresh_hw_device -update_hw_probes false [lindex [get_hw_devices] 0]
set_property PROBES.FILE {} [lindex [get_hw_devices] 0]
set_property PROGRAM.FILE {/afs/athena.mit.edu/user/d/d/ddr/6.111/6.111-Final-Project/Oscilloscope_v1/Oscilloscope_v1.runs/impl_1/Oscilloscope_v1.bit} [lindex [get_hw_devices] 0]
program_hw_devices [lindex [get_hw_devices] 0]
refresh_hw_device [lindex [get_hw_devices] 0]
reset_run synth_1
launch_runs impl_1 -to_step write_bitstream -jobs 4
wait_on_run impl_1
set_property PROBES.FILE {} [lindex [get_hw_devices] 0]
set_property PROGRAM.FILE {/afs/athena.mit.edu/user/d/d/ddr/6.111/6.111-Final-Project/Oscilloscope_v1/Oscilloscope_v1.runs/impl_1/Oscilloscope_v1.bit} [lindex [get_hw_devices] 0]
program_hw_devices [lindex [get_hw_devices] 0]
refresh_hw_device [lindex [get_hw_devices] 0]
reset_run synth_1
launch_runs impl_1 -to_step write_bitstream -jobs 4
wait_on_run impl_1
set_property PROBES.FILE {} [lindex [get_hw_devices] 0]
set_property PROGRAM.FILE {/afs/athena.mit.edu/user/d/d/ddr/6.111/6.111-Final-Project/Oscilloscope_v1/Oscilloscope_v1.runs/impl_1/Oscilloscope_v1.bit} [lindex [get_hw_devices] 0]
program_hw_devices [lindex [get_hw_devices] 0]
refresh_hw_device [lindex [get_hw_devices] 0]
reset_run synth_1
launch_runs impl_1 -to_step write_bitstream -jobs 4
wait_on_run impl_1
reset_run synth_1
launch_runs impl_1 -to_step write_bitstream -jobs 4
wait_on_run impl_1
reset_run synth_1
launch_runs impl_1 -to_step write_bitstream -jobs 4
wait_on_run impl_1
reset_run synth_1
launch_runs impl_1 -to_step write_bitstream -jobs 4
wait_on_run impl_1
set_property PROBES.FILE {} [lindex [get_hw_devices] 0]
set_property PROGRAM.FILE {/afs/athena.mit.edu/user/d/d/ddr/6.111/6.111-Final-Project/Oscilloscope_v1/Oscilloscope_v1.runs/impl_1/Oscilloscope_v1.bit} [lindex [get_hw_devices] 0]
program_hw_devices [lindex [get_hw_devices] 0]
refresh_hw_device [lindex [get_hw_devices] 0]
reset_run synth_1
launch_runs impl_1 -to_step write_bitstream -jobs 4
wait_on_run impl_1
reset_run synth_1
launch_runs impl_1 -to_step write_bitstream -jobs 4
wait_on_run impl_1
set_property PROBES.FILE {} [lindex [get_hw_devices] 0]
set_property PROGRAM.FILE {/afs/athena.mit.edu/user/d/d/ddr/6.111/6.111-Final-Project/Oscilloscope_v1/Oscilloscope_v1.runs/impl_1/Oscilloscope_v1.bit} [lindex [get_hw_devices] 0]
program_hw_devices [lindex [get_hw_devices] 0]
refresh_hw_device [lindex [get_hw_devices] 0]
reset_run synth_1
launch_runs impl_1 -to_step write_bitstream -jobs 4
wait_on_run impl_1
set_property PROBES.FILE {} [lindex [get_hw_devices] 0]
set_property PROGRAM.FILE {/afs/athena.mit.edu/user/d/d/ddr/6.111/6.111-Final-Project/Oscilloscope_v1/Oscilloscope_v1.runs/impl_1/Oscilloscope_v1.bit} [lindex [get_hw_devices] 0]
program_hw_devices [lindex [get_hw_devices] 0]
refresh_hw_device [lindex [get_hw_devices] 0]
reset_run synth_1
launch_runs impl_1 -to_step write_bitstream -jobs 4
wait_on_run impl_1
reset_run synth_1
launch_runs impl_1 -to_step write_bitstream -jobs 4
wait_on_run impl_1
reset_run synth_1
launch_runs impl_1 -to_step write_bitstream -jobs 4
wait_on_run impl_1
set_property PROBES.FILE {} [lindex [get_hw_devices] 0]
set_property PROGRAM.FILE {/afs/athena.mit.edu/user/d/d/ddr/6.111/6.111-Final-Project/Oscilloscope_v1/Oscilloscope_v1.runs/impl_1/Oscilloscope_v1.bit} [lindex [get_hw_devices] 0]
program_hw_devices [lindex [get_hw_devices] 0]
refresh_hw_device [lindex [get_hw_devices] 0]
set_property PROBES.FILE {} [lindex [get_hw_devices] 0]
set_property PROGRAM.FILE {/afs/athena.mit.edu/user/d/d/ddr/6.111/6.111-Final-Project/Oscilloscope_v1/Oscilloscope_v1.runs/impl_1/Oscilloscope_v1.bit} [lindex [get_hw_devices] 0]
program_hw_devices [lindex [get_hw_devices] 0]
refresh_hw_device [lindex [get_hw_devices] 0]
reset_run synth_1
launch_runs impl_1 -to_step write_bitstream -jobs 4
wait_on_run impl_1
set_property PROBES.FILE {} [lindex [get_hw_devices] 0]
set_property PROGRAM.FILE {/afs/athena.mit.edu/user/d/d/ddr/6.111/6.111-Final-Project/Oscilloscope_v1/Oscilloscope_v1.runs/impl_1/Oscilloscope_v1.bit} [lindex [get_hw_devices] 0]
program_hw_devices [lindex [get_hw_devices] 0]
refresh_hw_device [lindex [get_hw_devices] 0]
reset_run synth_1
launch_runs impl_1 -to_step write_bitstream -jobs 4
wait_on_run impl_1
reset_run impl_1 -prev_step 
launch_runs impl_1 -to_step write_bitstream -jobs 4
wait_on_run impl_1
set_property PROBES.FILE {} [lindex [get_hw_devices] 0]
set_property PROGRAM.FILE {/afs/athena.mit.edu/user/d/d/ddr/6.111/6.111-Final-Project/Oscilloscope_v1/Oscilloscope_v1.runs/impl_1/Oscilloscope_v1.bit} [lindex [get_hw_devices] 0]
program_hw_devices [lindex [get_hw_devices] 0]
refresh_hw_device [lindex [get_hw_devices] 0]
reset_run synth_1
launch_runs impl_1 -to_step write_bitstream -jobs 4
wait_on_run impl_1
reset_run synth_1
launch_runs impl_1 -to_step write_bitstream -jobs 4
wait_on_run impl_1
set_property PROBES.FILE {} [lindex [get_hw_devices] 0]
set_property PROGRAM.FILE {/afs/athena.mit.edu/user/d/d/ddr/6.111/6.111-Final-Project/Oscilloscope_v1/Oscilloscope_v1.runs/impl_1/Oscilloscope_v1.bit} [lindex [get_hw_devices] 0]
program_hw_devices [lindex [get_hw_devices] 0]
refresh_hw_device [lindex [get_hw_devices] 0]
reset_run synth_1
launch_runs impl_1 -to_step write_bitstream -jobs 4
wait_on_run impl_1
set_property PROBES.FILE {} [lindex [get_hw_devices] 0]
set_property PROGRAM.FILE {/afs/athena.mit.edu/user/d/d/ddr/6.111/6.111-Final-Project/Oscilloscope_v1/Oscilloscope_v1.runs/impl_1/Oscilloscope_v1.bit} [lindex [get_hw_devices] 0]
program_hw_devices [lindex [get_hw_devices] 0]
refresh_hw_device [lindex [get_hw_devices] 0]
reset_run synth_1
launch_runs impl_1 -to_step write_bitstream -jobs 4
wait_on_run impl_1
set_property PROBES.FILE {} [lindex [get_hw_devices] 0]
set_property PROGRAM.FILE {/afs/athena.mit.edu/user/d/d/ddr/6.111/6.111-Final-Project/Oscilloscope_v1/Oscilloscope_v1.runs/impl_1/Oscilloscope_v1.bit} [lindex [get_hw_devices] 0]
program_hw_devices [lindex [get_hw_devices] 0]
refresh_hw_device [lindex [get_hw_devices] 0]
reset_run synth_1
launch_runs impl_1 -to_step write_bitstream -jobs 4
wait_on_run impl_1
set_property PROBES.FILE {} [lindex [get_hw_devices] 0]
set_property PROGRAM.FILE {/afs/athena.mit.edu/user/d/d/ddr/6.111/6.111-Final-Project/Oscilloscope_v1/Oscilloscope_v1.runs/impl_1/Oscilloscope_v1.bit} [lindex [get_hw_devices] 0]
program_hw_devices [lindex [get_hw_devices] 0]
refresh_hw_device [lindex [get_hw_devices] 0]
reset_run synth_1
launch_runs impl_1 -to_step write_bitstream -jobs 4
wait_on_run impl_1
reset_run synth_1
launch_runs impl_1 -to_step write_bitstream -jobs 4
wait_on_run impl_1
set_property PROBES.FILE {} [lindex [get_hw_devices] 0]
set_property PROGRAM.FILE {/afs/athena.mit.edu/user/d/d/ddr/6.111/6.111-Final-Project/Oscilloscope_v1/Oscilloscope_v1.runs/impl_1/Oscilloscope_v1.bit} [lindex [get_hw_devices] 0]
program_hw_devices [lindex [get_hw_devices] 0]
refresh_hw_device [lindex [get_hw_devices] 0]
reset_run synth_1
launch_runs impl_1 -to_step write_bitstream -jobs 4
wait_on_run impl_1
set_property PROBES.FILE {} [lindex [get_hw_devices] 0]
set_property PROGRAM.FILE {/afs/athena.mit.edu/user/d/d/ddr/6.111/6.111-Final-Project/Oscilloscope_v1/Oscilloscope_v1.runs/impl_1/Oscilloscope_v1.bit} [lindex [get_hw_devices] 0]
program_hw_devices [lindex [get_hw_devices] 0]
refresh_hw_device [lindex [get_hw_devices] 0]
reset_run synth_1
launch_runs impl_1 -to_step write_bitstream -jobs 4
wait_on_run impl_1
set_property PROBES.FILE {} [lindex [get_hw_devices] 0]
set_property PROGRAM.FILE {/afs/athena.mit.edu/user/d/d/ddr/6.111/6.111-Final-Project/Oscilloscope_v1/Oscilloscope_v1.runs/impl_1/Oscilloscope_v1.bit} [lindex [get_hw_devices] 0]
program_hw_devices [lindex [get_hw_devices] 0]
refresh_hw_device [lindex [get_hw_devices] 0]
