Copyright 1986-2016 Xilinx, Inc. All Rights Reserved.
-------------------------------------------------------------------------------------------------------------------------------------------------------------------
| Tool Version     : Vivado v.2016.2 (lin64) Build 1577090 Thu Jun  2 16:32:35 MDT 2016
| Date             : Sun Nov 27 22:19:17 2016
| Host             : eecs-digital-02 running 64-bit Ubuntu 14.04.5 LTS
| Command          : report_power -file Oscilloscope_v1_power_routed.rpt -pb Oscilloscope_v1_power_summary_routed.pb -rpx Oscilloscope_v1_power_routed.rpx
| Design           : Oscilloscope_v1
| Device           : xc7a100tcsg324-3
| Design State     : routed
| Grade            : extended
| Process          : typical
| Characterization : Production
-------------------------------------------------------------------------------------------------------------------------------------------------------------------

Power Report

Table of Contents
-----------------
1. Summary
1.1 On-Chip Components
1.2 Power Supply Summary
1.3 Confidence Level
2. Settings
2.1 Environment
2.2 Clock Constraints
3. Detailed Reports
3.1 By Hierarchy

1. Summary
----------

+--------------------------+-------+
| Total On-Chip Power (W)  | 0.280 |
| Dynamic (W)              | 0.182 |
| Device Static (W)        | 0.098 |
| Effective TJA (C/W)      | 4.6   |
| Max Ambient (C)          | 98.7  |
| Junction Temperature (C) | 26.3  |
| Confidence Level         | Low   |
| Setting File             | ---   |
| Simulation Activity File | ---   |
| Design Nets Matched      | NA    |
+--------------------------+-------+


1.1 On-Chip Components
----------------------

+-------------------------+-----------+----------+-----------+-----------------+
| On-Chip                 | Power (W) | Used     | Available | Utilization (%) |
+-------------------------+-----------+----------+-----------+-----------------+
| Clocks                  |     0.006 |        8 |       --- |             --- |
| Slice Logic             |     0.012 |     4666 |       --- |             --- |
|   LUT as Logic          |     0.010 |     2321 |     63400 |            3.66 |
|   CARRY4                |     0.002 |      668 |     15850 |            4.21 |
|   Register              |    <0.001 |      955 |    126800 |            0.75 |
|   LUT as Shift Register |    <0.001 |       31 |     19000 |            0.16 |
|   Others                |     0.000 |      101 |       --- |             --- |
| Signals                 |     0.016 |     3110 |       --- |             --- |
| Block RAM               |     0.013 |      9.5 |       135 |            7.04 |
| MMCM                    |     0.123 |        1 |         6 |           16.67 |
| DSPs                    |     0.004 |        5 |       240 |            2.08 |
| I/O                     |     0.005 |       38 |       210 |           18.10 |
| XADC                    |     0.002 |        1 |       --- |             --- |
| Static Power            |     0.098 |          |           |                 |
| Total                   |     0.280 |          |           |                 |
+-------------------------+-----------+----------+-----------+-----------------+


1.2 Power Supply Summary
------------------------

+-----------+-------------+-----------+-------------+------------+
| Source    | Voltage (V) | Total (A) | Dynamic (A) | Static (A) |
+-----------+-------------+-----------+-------------+------------+
| Vccint    |       1.000 |     0.068 |       0.052 |      0.016 |
| Vccaux    |       1.800 |     0.087 |       0.068 |      0.018 |
| Vcco33    |       3.300 |     0.005 |       0.001 |      0.004 |
| Vcco25    |       2.500 |     0.000 |       0.000 |      0.000 |
| Vcco18    |       1.800 |     0.000 |       0.000 |      0.000 |
| Vcco15    |       1.500 |     0.000 |       0.000 |      0.000 |
| Vcco135   |       1.350 |     0.000 |       0.000 |      0.000 |
| Vcco12    |       1.200 |     0.000 |       0.000 |      0.000 |
| Vccaux_io |       1.800 |     0.000 |       0.000 |      0.000 |
| Vccbram   |       1.000 |     0.002 |       0.001 |      0.000 |
| MGTAVcc   |       1.000 |     0.000 |       0.000 |      0.000 |
| MGTAVtt   |       1.200 |     0.000 |       0.000 |      0.000 |
| Vccadc    |       1.800 |     0.021 |       0.001 |      0.020 |
+-----------+-------------+-----------+-------------+------------+


1.3 Confidence Level
--------------------

+-----------------------------+------------+--------------------------------------------------------+------------------------------------------------------------------------------------------------------------+
| User Input Data             | Confidence | Details                                                | Action                                                                                                     |
+-----------------------------+------------+--------------------------------------------------------+------------------------------------------------------------------------------------------------------------+
| Design implementation state | High       | Design is routed                                       |                                                                                                            |
| Clock nodes activity        | High       | User specified more than 95% of clocks                 |                                                                                                            |
| I/O nodes activity          | Low        | More than 75% of inputs are missing user specification | Provide missing input activity with simulation results or by editing the "By Resource Type -> I/Os" view   |
| Internal nodes activity     | Medium     | User specified less than 25% of internal nodes         | Provide missing internal nodes activity with simulation results or by editing the "By Resource Type" views |
| Device models               | High       | Device models are Production                           |                                                                                                            |
|                             |            |                                                        |                                                                                                            |
| Overall confidence level    | Low        |                                                        |                                                                                                            |
+-----------------------------+------------+--------------------------------------------------------+------------------------------------------------------------------------------------------------------------+


2. Settings
-----------

2.1 Environment
---------------

+-----------------------+--------------------------+
| Ambient Temp (C)      | 25.0                     |
| ThetaJA (C/W)         | 4.6                      |
| Airflow (LFM)         | 250                      |
| Heat Sink             | medium (Medium Profile)  |
| ThetaSA (C/W)         | 4.6                      |
| Board Selection       | medium (10"x10")         |
| # of Board Layers     | 12to15 (12 to 15 Layers) |
| Board Temperature (C) | 25.0                     |
+-----------------------+--------------------------+


2.2 Clock Constraints
---------------------

+----------------------+--------------------------------------+-----------------+
| Clock                | Domain                               | Constraint (ns) |
+----------------------+--------------------------------------+-----------------+
| CLK100MHZ            | CLK100MHZ                            |            10.0 |
| clk_out1_clk_wiz_0   | ClockDivider/inst/clk_out1_clk_wiz_0 |             9.3 |
| clk_out1_clk_wiz_0_1 | ClockDivider/inst/clk_out1_clk_wiz_0 |             9.3 |
| clkfbout_clk_wiz_0   | ClockDivider/inst/clkfbout_clk_wiz_0 |            10.0 |
| clkfbout_clk_wiz_0_1 | ClockDivider/inst/clkfbout_clk_wiz_0 |            10.0 |
| sys_clk_pin          | CLK100MHZ                            |            10.0 |
+----------------------+--------------------------------------+-----------------+


3. Detailed Reports
-------------------

3.1 By Hierarchy
----------------

+------------------------------------------------+-----------+
| Name                                           | Power (W) |
+------------------------------------------------+-----------+
| Oscilloscope_v1                                |     0.182 |
|   Buffer                                       |     0.007 |
|     bram0                                      |     0.003 |
|       U0                                       |     0.003 |
|         inst_blk_mem_gen                       |     0.003 |
|           gnbram.gnativebmg.native_blk_mem_gen |     0.003 |
|             valid.cstr                         |     0.003 |
|               ramloop[0].ram.r                 |    <0.001 |
|                 prim_init.ram                  |    <0.001 |
|               ramloop[1].ram.r                 |     0.002 |
|                 prim_init.ram                  |     0.002 |
|     bram1                                      |     0.003 |
|       U0                                       |     0.003 |
|         inst_blk_mem_gen                       |     0.003 |
|           gnbram.gnativebmg.native_blk_mem_gen |     0.003 |
|             valid.cstr                         |     0.003 |
|               ramloop[0].ram.r                 |    <0.001 |
|                 prim_init.ram                  |    <0.001 |
|               ramloop[1].ram.r                 |     0.002 |
|                 prim_init.ram                  |     0.002 |
|   Buffer2                                      |     0.007 |
|     bram0                                      |     0.003 |
|       U0                                       |     0.003 |
|         inst_blk_mem_gen                       |     0.003 |
|           gnbram.gnativebmg.native_blk_mem_gen |     0.003 |
|             valid.cstr                         |     0.003 |
|               ramloop[0].ram.r                 |    <0.001 |
|                 prim_init.ram                  |    <0.001 |
|               ramloop[1].ram.r                 |     0.002 |
|                 prim_init.ram                  |     0.002 |
|     bram1                                      |     0.003 |
|       U0                                       |     0.003 |
|         inst_blk_mem_gen                       |     0.003 |
|           gnbram.gnativebmg.native_blk_mem_gen |     0.003 |
|             valid.cstr                         |     0.003 |
|               ramloop[0].ram.r                 |    <0.001 |
|                 prim_init.ram                  |    <0.001 |
|               ramloop[1].ram.r                 |     0.002 |
|                 prim_init.ram                  |     0.002 |
|   ClockDivider                                 |     0.124 |
|     inst                                       |     0.124 |
|   Trigger                                      |    <0.001 |
|   adcc                                         |    <0.001 |
|   myCurve                                      |     0.002 |
|   myCurve2                                     |    <0.001 |
|   myGrid                                       |    <0.001 |
|   myText                                       |     0.006 |
|     characterBRAM                              |     0.002 |
|       U0                                       |     0.002 |
|         inst_blk_mem_gen                       |     0.002 |
|           gnbram.gnativebmg.native_blk_mem_gen |     0.002 |
|             valid.cstr                         |     0.002 |
|               bindec_a.bindec_inst_a           |    <0.001 |
|               bindec_b.bindec_inst_b           |     0.000 |
|               has_mux_a.A                      |    <0.001 |
|               ramloop[0].ram.r                 |    <0.001 |
|                 prim_init.ram                  |    <0.001 |
|               ramloop[1].ram.r                 |     0.002 |
|                 prim_init.ram                  |     0.002 |
|               ramloop[2].ram.r                 |    <0.001 |
|                 prim_init.ram                  |    <0.001 |
|   myToggleChannels                             |    <0.001 |
|   myXVGA                                       |    <0.001 |
|   mybs                                         |    <0.001 |
|   myed                                         |     0.001 |
|   mymeas                                       |    <0.001 |
|   myss                                         |     0.019 |
|   mytls                                        |     0.001 |
|   nolabel_line111                              |    <0.001 |
|   nolabel_line112                              |    <0.001 |
|   nolabel_line113                              |    <0.001 |
|   nolabel_line114                              |    <0.001 |
|   nolabel_line116                              |    <0.001 |
|   nolabel_line117                              |    <0.001 |
|   nolabel_line118                              |    <0.001 |
|   nolabel_line119                              |    <0.001 |
|   simultaneousSamplingXADC                     |     0.002 |
+------------------------------------------------+-----------+


